------------------------------------------------------------
TimeQuest Timing Analyzer Summary
------------------------------------------------------------

Type  : Slow 1100mV 85C Model Setup 'iClk'
Slack : -3.495
TNS   : -659.432

Type  : Slow 1100mV 85C Model Hold 'iClk'
Slack : 0.312
TNS   : 0.000

Type  : Slow 1100mV 85C Model Minimum Pulse Width 'iClk'
Slack : -0.394
TNS   : -122.527

Type  : Slow 1100mV 0C Model Setup 'iClk'
Slack : -3.493
TNS   : -645.119

Type  : Slow 1100mV 0C Model Hold 'iClk'
Slack : 0.296
TNS   : 0.000

Type  : Slow 1100mV 0C Model Minimum Pulse Width 'iClk'
Slack : -0.394
TNS   : -131.670

Type  : Fast 1100mV 85C Model Setup 'iClk'
Slack : -1.675
TNS   : -283.115

Type  : Fast 1100mV 85C Model Hold 'iClk'
Slack : 0.177
TNS   : 0.000

Type  : Fast 1100mV 85C Model Minimum Pulse Width 'iClk'
Slack : -0.120
TNS   : -27.257

Type  : Fast 1100mV 0C Model Setup 'iClk'
Slack : -1.427
TNS   : -236.775

Type  : Fast 1100mV 0C Model Hold 'iClk'
Slack : 0.164
TNS   : 0.000

Type  : Fast 1100mV 0C Model Minimum Pulse Width 'iClk'
Slack : -0.115
TNS   : -26.452

------------------------------------------------------------
